{"repair": {"q": {"preop": [50.59604747641707, 46.703952523582885], "postop": [37.38158752199183, 59.91841247800821], "final": [53.66496968140952, 43.63503031858994]}, "p": {"preop": [42302.149940539915, 21359.831545784546], "postop": [34735.849698581405, 23631.233702359536], "final": [53074.61499115721, 47807.77820952314]}, "wss": {"preop": [3.3364008951495463, 3.0241352207796806], "postop": [2.465013934707388, 3.8797868650721314], "final": [3.538771540735125, 2.825418940283598]}}}