{"repair": {"mpa": {"q_in": {"preop": 97.29999999999998, "postop": 97.29999999999998, "final": 97.29999999999998}, "q_out": {"preop": 97.29999999999936, "postop": 97.29999999999936, "final": 97.29999999999998}, "p_in": {"preop": 32.28605390090356, "postop": 32.286031029512344, "final": 21.217007796084918}, "p_out": {"preop": 32.270789706875405, "postop": 32.270766835484174, "final": 21.201743602055473}, "wss": {"preop": 2.6274319268914024, "postop": 2.6274319268914024, "final": 2.6274319268914192}}, "rpa": {"q_in": {"preop": 47.26211918928266, "postop": 47.26216260606884, "final": 50.681198726963906}, "q_out": {"preop": 47.26211918928259, "postop": 47.26216260606878, "final": 50.681198726963906}, "p_in": {"preop": 32.270789706875405, "postop": 32.270766835484174, "final": 21.201743602055473}, "p_out": {"preop": 32.23669190147477, "postop": 32.23670314285613, "final": 21.165215676111117}, "wss": {"preop": 2.073342945318109, "postop": 2.073344849970056, "final": 2.2233346206922544}}, "lpa": {"q_in": {"preop": 50.037880810716715, "postop": 50.0378373939305, "final": 46.61880127303609}, "q_out": {"preop": 50.03788081071661, "postop": 50.03783739393042, "final": 46.61880127303613}, "p_in": {"preop": 32.270789706875405, "postop": 32.270766835484174, "final": 21.201743602055473}, "p_out": {"preop": 32.18061600768118, "postop": 32.18060543776228, "final": 21.117742930251072}, "wss": {"preop": 2.533267565246741, "postop": 2.533265367185303, "final": 2.360169840973219}}}}